// Jest Snapshot v1, https://goo.gl/fbAQLP

exports[`Prefetch should render itself 1`] = `
<Route
  render={[Function]}
/>
`;
